
> my-app@0.1.0 build
> next build

▲ Next.js 16.2.6 (Turbopack)
- Environments: .env.local

  Creating an optimized production build ...
✓ Compiled successfully in 15.6s
  Running TypeScript ...
  Finished TypeScript in 14.0s ...
  Collecting page data using 3 workers ...
  Generating static pages using 3 workers (0/7) ...
  Generating static pages using 3 workers (1/7) 
  Generating static pages using 3 workers (3/7) 
  Generating static pages using 3 workers (5/7) 
✓ Generating static pages using 3 workers (7/7) in 769ms
  Finalizing page optimization ...

Route (app)       Revalidate  Expire
┌ ○ /                     1h      1y
├ ○ /_not-found
├ ƒ /api/contact
├ ○ /contacto
├ ○ /proyectos            1h      1y
└ ○ /sobre-mi


○  (Static)   prerendered as static content
ƒ  (Dynamic)  server-rendered on demand

